../Core/Src/Quad.c:59:6:quad_init	8	static
../Core/Src/Quad.c:93:6:quad_fly	40	static
../Core/Src/Quad.c:239:6:Calculate_PID	16	static
../Core/Src/Quad.c:293:6:GET_PID_Constants	40	static
../Core/Src/Quad.c:320:6:Calibrate_Receiver	8	static
../Core/Src/Quad.c:379:6:manual_ESC_calibration	8	static
../Core/Src/Quad.c:393:6:Calibrate_ESCs	8	static
../Core/Src/Quad.c:405:6:set_Leds	24	static
../Core/Src/Quad.c:412:6:Check_for_UnARM_Motor_Command	8	static
../Core/Src/Quad.c:452:6:ARM_Quad	16	static
../Core/Src/Quad.c:489:6:Toggle_Leds_with_delay	16	static
../Core/Src/Quad.c:497:6:Toggle_Leds_without_delay	8	static
../Core/Src/Quad.c:504:6:Toggle_Leds_with_delay_cycles	24	static
../Core/Src/Quad.c:514:6:Led_Rotate_CW	24	static
../Core/Src/Quad.c:531:6:Led_Rotate_CCW	24	static
